c:\users\filip\desktop\oppise2024\2._bojana_milosevic\2. bojana milosevic\src\debug\vc143.pdb
c:\users\filip\desktop\oppise2024\2._bojana_milosevic\2. bojana milosevic\src\debug\vc143.idb
c:\users\filip\desktop\oppise2024\2._bojana_milosevic\2. bojana milosevic\src\debug\token.obj
c:\users\filip\desktop\oppise2024\2._bojana_milosevic\2. bojana milosevic\src\debug\syntaxanalysis.obj
c:\users\filip\desktop\oppise2024\2._bojana_milosevic\2. bojana milosevic\src\debug\main.obj
c:\users\filip\desktop\oppise2024\2._bojana_milosevic\2. bojana milosevic\src\debug\livenessanalysis.obj
c:\users\filip\desktop\oppise2024\2._bojana_milosevic\2. bojana milosevic\src\debug\lexicalanalysis.obj
c:\users\filip\desktop\oppise2024\2._bojana_milosevic\2. bojana milosevic\src\debug\ispis.obj
c:\users\filip\desktop\oppise2024\2._bojana_milosevic\2. bojana milosevic\src\debug\finitestatemachine.obj
c:\users\filip\desktop\oppise2024\2._bojana_milosevic\2. bojana milosevic\src\debug\lexicalanalysis.pdb
c:\users\filip\desktop\oppise2024\2._bojana_milosevic\2. bojana milosevic\src\debug\lexicalanalysis.tlog\cl.command.1.tlog
c:\users\filip\desktop\oppise2024\2._bojana_milosevic\2. bojana milosevic\src\debug\lexicalanalysis.tlog\cl.read.1.tlog
c:\users\filip\desktop\oppise2024\2._bojana_milosevic\2. bojana milosevic\src\debug\lexicalanalysis.tlog\cl.write.1.tlog
c:\users\filip\desktop\oppise2024\2._bojana_milosevic\2. bojana milosevic\src\debug\lexicalanalysis.tlog\link-cvtres.read.1.tlog
c:\users\filip\desktop\oppise2024\2._bojana_milosevic\2. bojana milosevic\src\debug\lexicalanalysis.tlog\link-cvtres.write.1.tlog
c:\users\filip\desktop\oppise2024\2._bojana_milosevic\2. bojana milosevic\src\debug\lexicalanalysis.tlog\link-rc.read.1.tlog
c:\users\filip\desktop\oppise2024\2._bojana_milosevic\2. bojana milosevic\src\debug\lexicalanalysis.tlog\link-rc.write.1.tlog
c:\users\filip\desktop\oppise2024\2._bojana_milosevic\2. bojana milosevic\src\debug\lexicalanalysis.tlog\link.command.1.tlog
c:\users\filip\desktop\oppise2024\2._bojana_milosevic\2. bojana milosevic\src\debug\lexicalanalysis.tlog\link.read.1.tlog
c:\users\filip\desktop\oppise2024\2._bojana_milosevic\2. bojana milosevic\src\debug\lexicalanalysis.tlog\link.write.1.tlog
